// Jest Snapshot v1, https://goo.gl/fbAQLP

exports[`macros literal: literal 1`] = `
"
import macro from '../../macro'

const obj = macro({
  string: 'string',
  number: 1,
  array: [1, 2, 3],
  object: {
    foo: 'bar'
  }
})

      ↓ ↓ ↓ ↓ ↓ ↓

const obj = JSON.parse(\\"{\\\\\\"string\\\\\\":\\\\\\"string\\\\\\",\\\\\\"number\\\\\\":1,\\\\\\"array\\\\\\":[1,2,3],\\\\\\"object\\\\\\":{\\\\\\"foo\\\\\\":\\\\\\"bar\\\\\\"}}\\");
"
`;
